Archive member included to satisfy reference by file (symbol)

/Users/samerabdulkarim/STM32CubeIDE/workspace_1.16.0/lab1/Core/Lib/libarm_cortexM4lf_math.a(arm_std_f32.o)
                              ./Core/Src/main.o (arm_std_f32)
/Users/samerabdulkarim/STM32CubeIDE/workspace_1.16.0/lab1/Core/Lib/libarm_cortexM4lf_math.a(arm_mean_f32.o)
                              ./Core/Src/main.o (arm_mean_f32)
/Users/samerabdulkarim/STM32CubeIDE/workspace_1.16.0/lab1/Core/Lib/libarm_cortexM4lf_math.a(arm_correlate_f32.o)
                              ./Core/Src/main.o (arm_correlate_f32)
/Users/samerabdulkarim/STM32CubeIDE/workspace_1.16.0/lab1/Core/Lib/libarm_cortexM4lf_math.a(arm_conv_f32.o)
                              ./Core/Src/main.o (arm_conv_f32)
/Users/samerabdulkarim/STM32CubeIDE/workspace_1.16.0/lab1/Core/Lib/libarm_cortexM4lf_math.a(arm_sub_f32.o)
                              ./Core/Src/main.o (arm_sub_f32)
/Users/samerabdulkarim/STM32CubeIDE/workspace_1.16.0/lab1/Core/Lib/libarm_cortexM4lf_math.a(arm_mult_f32.o)
                              ./Core/Src/main.o (arm_mult_f32)
/Users/samerabdulkarim/STM32CubeIDE/workspace_1.16.0/lab1/Core/Lib/libarm_cortexM4lf_math.a(arm_add_f32.o)
                              ./Core/Src/main.o (arm_add_f32)
/Applications/STM32CubeIDE.app/Contents/Eclipse/plugins/com.st.stm32cube.ide.mcu.externaltools.gnu-tools-for-stm32.12.3.rel1.macos64_1.0.200.202406191456/tools/bin/../lib/gcc/arm-none-eabi/12.3.1/../../../../arm-none-eabi/lib/thumb/v7e-m+fp/hard/libc_nano.a(libc_a-exit.o)
                              /Applications/STM32CubeIDE.app/Contents/Eclipse/plugins/com.st.stm32cube.ide.mcu.externaltools.gnu-tools-for-stm32.12.3.rel1.macos64_1.0.200.202406191456/tools/bin/../lib/gcc/arm-none-eabi/12.3.1/../../../../arm-none-eabi/lib/thumb/v7e-m+fp/hard/crt0.o (exit)
/Applications/STM32CubeIDE.app/Contents/Eclipse/plugins/com.st.stm32cube.ide.mcu.externaltools.gnu-tools-for-stm32.12.3.rel1.macos64_1.0.200.202406191456/tools/bin/../lib/gcc/arm-none-eabi/12.3.1/../../../../arm-none-eabi/lib/thumb/v7e-m+fp/hard/libc_nano.a(libc_a-findfp.o)
                              /Applications/STM32CubeIDE.app/Contents/Eclipse/plugins/com.st.stm32cube.ide.mcu.externaltools.gnu-tools-for-stm32.12.3.rel1.macos64_1.0.200.202406191456/tools/bin/../lib/gcc/arm-none-eabi/12.3.1/../../../../arm-none-eabi/lib/thumb/v7e-m+fp/hard/libc_nano.a(libc_a-exit.o) (__stdio_exit_handler)
/Applications/STM32CubeIDE.app/Contents/Eclipse/plugins/com.st.stm32cube.ide.mcu.externaltools.gnu-tools-for-stm32.12.3.rel1.macos64_1.0.200.202406191456/tools/bin/../lib/gcc/arm-none-eabi/12.3.1/../../../../arm-none-eabi/lib/thumb/v7e-m+fp/hard/libc_nano.a(libc_a-fwalk.o)
                              /Applications/STM32CubeIDE.app/Contents/Eclipse/plugins/com.st.stm32cube.ide.mcu.externaltools.gnu-tools-for-stm32.12.3.rel1.macos64_1.0.200.202406191456/tools/bin/../lib/gcc/arm-none-eabi/12.3.1/../../../../arm-none-eabi/lib/thumb/v7e-m+fp/hard/libc_nano.a(libc_a-findfp.o) (_fwalk_sglue)
/Applications/STM32CubeIDE.app/Contents/Eclipse/plugins/com.st.stm32cube.ide.mcu.externaltools.gnu-tools-for-stm32.12.3.rel1.macos64_1.0.200.202406191456/tools/bin/../lib/gcc/arm-none-eabi/12.3.1/../../../../arm-none-eabi/lib/thumb/v7e-m+fp/hard/libc_nano.a(libc_a-memset.o)
                              /Applications/STM32CubeIDE.app/Contents/Eclipse/plugins/com.st.stm32cube.ide.mcu.externaltools.gnu-tools-for-stm32.12.3.rel1.macos64_1.0.200.202406191456/tools/bin/../lib/gcc/arm-none-eabi/12.3.1/../../../../arm-none-eabi/lib/thumb/v7e-m+fp/hard/crt0.o (memset)
/Applications/STM32CubeIDE.app/Contents/Eclipse/plugins/com.st.stm32cube.ide.mcu.externaltools.gnu-tools-for-stm32.12.3.rel1.macos64_1.0.200.202406191456/tools/bin/../lib/gcc/arm-none-eabi/12.3.1/../../../../arm-none-eabi/lib/thumb/v7e-m+fp/hard/libc_nano.a(libc_a-impure.o)
                              /Applications/STM32CubeIDE.app/Contents/Eclipse/plugins/com.st.stm32cube.ide.mcu.externaltools.gnu-tools-for-stm32.12.3.rel1.macos64_1.0.200.202406191456/tools/bin/../lib/gcc/arm-none-eabi/12.3.1/../../../../arm-none-eabi/lib/thumb/v7e-m+fp/hard/libc_nano.a(libc_a-findfp.o) (_impure_data)
/Applications/STM32CubeIDE.app/Contents/Eclipse/plugins/com.st.stm32cube.ide.mcu.externaltools.gnu-tools-for-stm32.12.3.rel1.macos64_1.0.200.202406191456/tools/bin/../lib/gcc/arm-none-eabi/12.3.1/../../../../arm-none-eabi/lib/thumb/v7e-m+fp/hard/libc_nano.a(libc_a-errno.o)
                              ./Core/Src/syscalls.o (__errno)
/Applications/STM32CubeIDE.app/Contents/Eclipse/plugins/com.st.stm32cube.ide.mcu.externaltools.gnu-tools-for-stm32.12.3.rel1.macos64_1.0.200.202406191456/tools/bin/../lib/gcc/arm-none-eabi/12.3.1/../../../../arm-none-eabi/lib/thumb/v7e-m+fp/hard/libc_nano.a(libc_a-init.o)
[...]
Memory Configuration

Name             Origin             Length             Attributes
RAM              0x20000000         0x000a0000         xrw
RAM2             0x10000000         0x00010000         xrw
RAM3             0x20040000         0x00060000         xrw
FLASH            0x08000000         0x00200000         xr
*default*        0x00000000         0xffffffff

Linker script and memory map

LOAD /Applications/STM32CubeIDE.app/Contents/Eclipse/plugins/com.st.stm32cube.ide.mcu.externaltools.gnu-tools-for-stm32.12.3.rel1.macos64_1.0.200.202406191456/tools/bin/../lib/gcc/arm-none-eabi/12.3.1/thumb/v7e-m+fp/hard/crti.o
LOAD /Applications/STM32CubeIDE.app/Contents/Eclipse/plugins/com.st.stm32cube.ide.mcu.externaltools.gnu-tools-for-stm32.12.3.rel1.macos64_1.0.200.202406191456/tools/bin/../lib/gcc/arm-none-eabi/12.3.1/thumb/v7e-m+fp/hard/crtbegin.o
LOAD /Applications/STM32CubeIDE.app/Contents/Eclipse/plugins/com.st.stm32cube.ide.mcu.externaltools.gnu-tools-for-stm32.12.3.rel1.macos64_1.0.200.202406191456/tools/bin/../lib/gcc/arm-none-eabi/12.3.1/../../../../arm-none-eabi/lib/thumb/v7e-m+fp/hard/crt0.o
LOAD ./Core/Src/kalman.o
LOAD ./Core/Src/main.o
LOAD ./Core/Src/stm32l4xx_hal_msp.o
LOAD ./Core/Src/stm32l4xx_it.o
LOAD ./Core/Src/syscalls.o
LOAD ./Core/Src/sysmem.o
LOAD ./Core/Src/system_stm32l4xx.o
LOAD ./Core/Startup/startup_stm32l4s5vitx.o
LOAD ./Drivers/STM32L4xx_HAL_Driver/Src/stm32l4xx_hal.o
LOAD ./Drivers/STM32L4xx_HAL_Driver/Src/stm32l4xx_hal_cortex.o
LOAD ./Drivers/STM32L4xx_HAL_Driver/Src/stm32l4xx_hal_dma.o
LOAD ./Drivers/STM32L4xx_HAL_Driver/Src/stm32l4xx_hal_dma_ex.o
LOAD ./Drivers/STM32L4xx_HAL_Driver/Src/stm32l4xx_hal_exti.o
LOAD ./Drivers/STM32L4xx_HAL_Driver/Src/stm32l4xx_hal_flash.o
LOAD ./Drivers/STM32L4xx_HAL_Driver/Src/stm32l4xx_hal_flash_ex.o
LOAD ./Drivers/STM32L4xx_HAL_Driver/Src/stm32l4xx_hal_flash_ramfunc.o
LOAD ./Drivers/STM32L4xx_HAL_Driver/Src/stm32l4xx_hal_gpio.o
LOAD ./Drivers/STM32L4xx_HAL_Driver/Src/stm32l4xx_hal_i2c.o
LOAD ./Drivers/STM32L4xx_HAL_Driver/Src/stm32l4xx_hal_i2c_ex.o
LOAD ./Drivers/STM32L4xx_HAL_Driver/Src/stm32l4xx_hal_pwr.o
LOAD ./Drivers/STM32L4xx_HAL_Driver/Src/stm32l4xx_hal_pwr_ex.o
LOAD ./Drivers/STM32L4xx_HAL_Driver/Src/stm32l4xx_hal_rcc.o
LOAD ./Drivers/STM32L4xx_HAL_Driver/Src/stm32l4xx_hal_rcc_ex.o
LOAD ./Drivers/STM32L4xx_HAL_Driver/Src/stm32l4xx_hal_tim.o
LOAD ./Drivers/STM32L4xx_HAL_Driver/Src/stm32l4xx_hal_tim_ex.o
LOAD /Users/samerabdulkarim/STM32CubeIDE/workspace_1.16.0/lab1/Core/Lib/libarm_cortexM4lf_math.a
START GROUP
LOAD /Applications/STM32CubeIDE.app/Contents/Eclipse/plugins/com.st.stm32cube.ide.mcu.externaltools.gnu-tools-for-stm32.12.3.rel1.macos64_1.0.200.202406191456/tools/bin/../lib/gcc/arm-none-eabi/12.3.1/../../../../arm-none-eabi/lib/thumb/v7e-m+fp/hard/libc_nano.a
LOAD /Applications/STM32CubeIDE.app/Contents/Eclipse/plugins/com.st.stm32cube.ide.mcu.externaltools.gnu-tools-for-stm32.12.3.rel1.macos64_1.0.200.202406191456/tools/bin/../lib/gcc/arm-none-eabi/12.3.1/../../../../arm-none-eabi/lib/thumb/v7e-m+fp/hard/libm.a
END GROUP
START GROUP
LOAD /Applications/STM32CubeIDE.app/Contents/Eclipse/plugins/com.st.stm32cube.ide.mcu.externaltools.gnu-tools-for-stm32.12.3.rel1.macos64_1.0.200.202406191456/tools/bin/../lib/gcc/arm-none-eabi/12.3.1/thumb/v7e-m+fp/hard/libgcc.a
LOAD /Applications/STM32CubeIDE.app/Contents/Eclipse/plugins/com.st.stm32cube.ide.mcu.externaltools.gnu-tools-for-stm32.12.3.rel1.macos64_1.0.200.202406191456/tools/bin/../lib/gcc/arm-none-eabi/12.3.1/../../../../arm-none-eabi/lib/thumb/v7e-m+fp/hard/libc_nano.a
END GROUP
START GROUP
LOAD /Applications/STM32CubeIDE.app/Contents/Eclipse/plugins/com.st.stm32cube.ide.mcu.externaltools.gnu-tools-for-stm32.12.3.rel1.macos64_1.0.200.202406191456/tools/bin/../lib/gcc/arm-none-eabi/12.3.1/thumb/v7e-m+fp/hard/libgcc.a
LOAD /Applications/STM32CubeIDE.app/Contents/Eclipse/plugins/com.st.stm32cube.ide.mcu.externaltools.gnu-tools-for-stm32.12.3.rel1.macos64_1.0.200.202406191456/tools/bin/../lib/gcc/arm-none-eabi/12.3.1/../../../../arm-none-eabi/lib/thumb/v7e-m+fp/hard/libc_nano.a
LOAD /Applications/STM32CubeIDE.app/Contents/Eclipse/plugins/com.st.stm32cube.ide.mcu.externaltools.gnu-tools-for-stm32.12.3.rel1.macos64_1.0.200.202406191456/tools/bin/../lib/gcc/arm-none-eabi/12.3.1/../../../../arm-none-eabi/lib/thumb/v7e-m+fp/hard/libnosys.a
END GROUP
START GROUP
LOAD /Applications/STM32CubeIDE.app/Contents/Eclipse/plugins/com.st.stm32cube.ide.mcu.externaltools.gnu-tools-for-stm32.12.3.rel1.macos64_1.0.200.202406191456/tools/bin/../lib/gcc/arm-none-eabi/12.3.1/thumb/v7e-m+fp/hard/libgcc.a
LOAD /Applications/STM32CubeIDE.app/Contents/Eclipse/plugins/com.st.stm32cube.ide.mcu.externaltools.gnu-tools-for-stm32.12.3.rel1.macos64_1.0.200.202406191456/tools/bin/../lib/gcc/arm-none-eabi/12.3.1/../../../../arm-none-eabi/lib/thumb/v7e-m+fp/hard/libc_nano.a
LOAD /Applications/STM32CubeIDE.app/Contents/Eclipse/plugins/com.st.stm32cube.ide.mcu.externaltools.gnu-tools-for-stm32.12.3.rel1.macos64_1.0.200.202406191456/tools/bin/../lib/gcc/arm-none-eabi/12.3.1/../../../../arm-none-eabi/lib/thumb/v7e-m+fp/hard/libnosys.a
END GROUP
LOAD /Applications/STM32CubeIDE.app/Contents/Eclipse/plugins/com.st.stm32cube.ide.mcu.externaltools.gnu-tools-for-stm32.12.3.rel1.macos64_1.0.200.202406191456/tools/bin/../lib/gcc/arm-none-eabi/12.3.1/thumb/v7e-m+fp/hard/crtend.o
LOAD /Applications/STM32CubeIDE.app/Contents/Eclipse/plugins/com.st.stm32cube.ide.mcu.externaltools.gnu-tools-for-stm32.12.3.rel1.macos64_1.0.200.202406191456/tools/bin/../lib/gcc/arm-none-eabi/12.3.1/thumb/v7e-m+fp/hard/crtn.o
                0x200a0000                        _estack = (ORIGIN (RAM) + LENGTH (RAM))
                0x00000200                        _Min_Heap_Size = 0x200
                0x00000400                        _Min_Stack_Size = 0x400

.isr_vector     0x08000000      0x1bc
                0x08000000                        . = ALIGN (0x4)
 *(.isr_vector)
 .isr_vector    0x08000000      0x1bc ./Core/Startup/startup_stm32l4s5vitx.o
                0x08000000                g_pfnVectors
                0x080001bc                        . = ALIGN (0x4)

.text           0x08010000    0x13acc
                0x08010000                        . = ALIGN (0x4)
 *(.text)
 .text          0x08010000       0x40 /Applications/STM32CubeIDE.app/Contents/Eclipse/plugins/com.st.stm32cube.ide.mcu.externaltools.gnu-tools-for-stm32.12.3.rel1.macos64_1.0.200.202406191456/tools/bin/../lib/gcc/arm-none-eabi/12.3.1/thumb/v7e-m+fp/hard/crtbegin.o
 *fill*         0x08010040     0xffc0 
 .text          0x08020000       0x6c ./Core/Src/kalman.o
                0x08020000                kalman
 .text          0x0802006c      0x378 /Applications/STM32CubeIDE.app/Contents/Eclipse/plugins/com.st.stm32cube.ide.mcu.externaltools.gnu-tools-for-stm32.12.3.rel1.macos64_1.0.200.202406191456/tools/bin/../lib/gcc/arm-none-eabi/12.3.1/thumb/v7e-m+fp/hard/libgcc.a(_arm_addsubdf3.o)
                0x0802006c                __aeabi_drsub
                0x08020074                __subdf3
                0x08020074                __aeabi_dsub
                0x08020078                __aeabi_dadd
                0x08020078                __adddf3
                0x080202f0                __aeabi_ui2d
                0x080202f0                __floatunsidf
                0x08020310                __floatsidf
                0x08020310                __aeabi_i2d
                0x08020334                __extendsfdf2
                0x08020334                __aeabi_f2d
                0x08020378                __aeabi_ul2d
                0x08020378                __floatundidf
                0x08020388                __aeabi_l2d
                0x08020388                __floatdidf
 .text          0x080203e4      0x424 /Applications/STM32CubeIDE.app/Contents/Eclipse/plugins/com.st.stm32cube.ide.mcu.externaltools.gnu-tools-for-stm32.12.3.rel1.macos64_1.0.200.202406191456/tools/bin/../lib/gcc/arm-none-eabi/12.3.1/thumb/v7e-m+fp/hard/libgcc.a(_arm_muldivdf3.o)
                0x080203e4                __aeabi_dmul
                0x080203e4                __muldf3
                0x08020638                __aeabi_ddiv
                0x08020638                __divdf3
 .text          0x08020808      0x110 /Applications/STM32CubeIDE.app/Contents/Eclipse/plugins/com.st.stm32cube.ide.mcu.externaltools.gnu-tools-for-stm32.12.3.rel1.macos64_1.0.200.202406191456/tools/bin/../lib/gcc/arm-none-eabi/12.3.1/thumb/v7e-m+fp/hard/libgcc.a(_arm_cmpdf2.o)
                0x08020808                __gedf2
                0x08020808                __gtdf2
                0x08020810                __ledf2
                0x08020810                __ltdf2
                0x08020818                __cmpdf2
                0x08020818                __eqdf2
                0x08020818                __nedf2
                0x08020894                __aeabi_cdrcmple
                0x080208a4                __aeabi_cdcmple
                0x080208a4                __aeabi_cdcmpeq
                0x080208b4                __aeabi_dcmpeq
                0x080208c8                __aeabi_dcmplt
                0x080208dc                __aeabi_dcmple
                0x080208f0                __aeabi_dcmpge
                0x08020904                __aeabi_dcmpgt
 .text          0x08020918       0x2c /Applications/STM32CubeIDE.app/Contents/Eclipse/plugins/com.st.stm32cube.ide.mcu.externaltools.gnu-tools-for-stm32.12.3.rel1.macos64_1.0.200.202406191456/tools/bin/../lib/gcc/arm-none-eabi/12.3.1/thumb/v7e-m+fp/hard/libgcc.a(_arm_unorddf2.o)
                0x08020918                __aeabi_dcmpun
                0x08020918                __unorddf2
 .text          0x08020944       0xa0 /Applications/STM32CubeIDE.app/Contents/Eclipse/plugins/com.st.stm32cube.ide.mcu.externaltools.gnu-tools-for-stm32.12.3.rel1.macos64_1.0.200.202406191456/tools/bin/../lib/gcc/arm-none-eabi/12.3.1/thumb/v7e-m+fp/hard/libgcc.a(_arm_truncdfsf2.o)
                0x08020944                __aeabi_d2f
                0x08020944                __truncdfsf2
 *(.text*)
 .text.updateC  0x080209e4       0xcc ./Core/Src/main.o
                0x080209e4                updateC
 .text.updateCMSIS
                0x08020ab0       0xf4 ./Core/Src/main.o
                0x08020ab0                updateCMSIS
 .text.KalmanfilterARM
                0x08020ba4       0x66 ./Core/Src/main.o
                0x08020ba4                KalmanfilterARM
 .text.KalmanfilterCMSIS
                0x08020c0a       0x66 ./Core/Src/main.o
                0x08020c0a                KalmanfilterCMSIS
 .text.KalmanfilterC
                0x08020c70       0x66 ./Core/Src/main.o
                0x08020c70                KalmanfilterC
 .text.ComputeDifferenceArraysC
                0x08020cd6       0x58 ./Core/Src/main.o
                0x08020cd6                ComputeDifferenceArraysC
 .text.ComputeAverageAndStandardDeviationArrayC
                0x08020d2e       0xda ./Core/Src/main.o
                0x08020d2e                ComputeAverageAndStandardDeviationArrayC
 .text.ComputeConvolutionArraysC
                0x08020e08       0xa8 ./Core/Src/main.o
                0x08020e08                ComputeConvolutionArraysC
 .text.ComputeCorrelationArraysC
                0x08020eb0       0xd4 ./Core/Src/main.o
                0x08020eb0                ComputeCorrelationArraysC
 .text.ComputeDifferenceArraysCMSIS
                0x08020f84       0x22 ./Core/Src/main.o
                0x08020f84                ComputeDifferenceArraysCMSIS
 .text.ComputeAverageAndStandardDeviationArrayCMSIS
                0x08020fa6       0x2e ./Core/Src/main.o
                0x08020fa6                ComputeAverageAndStandardDeviationArrayCMSIS
 .text.ComputeCorrelationArraysCMSIS
                0x08020fd4       0x4e ./Core/Src/main.o
                0x08020fd4                ComputeCorrelationArraysCMSIS
 .text.ComputeConvolutionArraysCMSIS
                0x08021022       0x28 ./Core/Src/main.o
                0x08021022                ComputeConvolutionArraysCMSIS
 *fill*         0x0802104a        0x2 
 .text.main     0x0802104c      0x5b8 ./Core/Src/main.o
                0x0802104c                main
 .text.SystemClock_Config
                0x08021604       0xa2 ./Core/Src/main.o
                0x08021604                SystemClock_Config
 *fill*         0x080216a6        0x2 
 .text.MX_GPIO_Init
                0x080216a8       0x48 ./Core/Src/main.o
 .text.Error_Handler
                0x080216f0        0xc ./Core/Src/main.o
                0x080216f0                Error_Handler
 .text.HAL_MspInit
                0x080216fc       0x48 ./Core/Src/stm32l4xx_hal_msp.o
                0x080216fc                HAL_MspInit
 .text.NMI_Handler
                0x08021744        0x8 ./Core/Src/stm32l4xx_it.o
                0x08021744                NMI_Handler
 .text.HardFault_Handler
                0x0802174c        0x8 ./Core/Src/stm32l4xx_it.o
                0x0802174c                HardFault_Handler
 .text.MemManage_Handler
                0x08021754        0x8 ./Core/Src/stm32l4xx_it.o
                0x08021754                MemManage_Handler
 .text.BusFault_Handler
                0x0802175c        0x8 ./Core/Src/stm32l4xx_it.o
                0x0802175c                BusFault_Handler
 .text.UsageFault_Handler
                0x08021764        0x8 ./Core/Src/stm32l4xx_it.o
                0x08021764                UsageFault_Handler
 .text.SVC_Handler
                0x0802176c        0xe ./Core/Src/stm32l4xx_it.o
                0x0802176c                SVC_Handler
 .text.DebugMon_Handler
                0x0802177a        0xe ./Core/Src/stm32l4xx_it.o
                0x0802177a                DebugMon_Handler
 .text.PendSV_Handler
                0x08021788        0xe ./Core/Src/stm32l4xx_it.o
                0x08021788                PendSV_Handler
 .text.SysTick_Handler
                0x08021796        0xc ./Core/Src/stm32l4xx_it.o
                0x08021796                SysTick_Handler
 *fill*         0x080217a2        0x2 
 .text.SystemInit
                0x080217a4       0x24 ./Core/Src/system_stm32l4xx.o
                0x080217a4                SystemInit
 .text.Reset_Handler
                0x080217c8       0x50 ./Core/Startup/startup_stm32l4s5vitx.o
                0x080217c8                Reset_Handler
 .text.Default_Handler
                0x08021818        0x2 ./Core/Startup/startup_stm32l4s5vitx.o
                0x08021818                TIM1_BRK_TIM15_IRQHandler
                0x08021818                EXTI2_IRQHandler
                0x08021818                TIM8_TRG_COM_IRQHandler
                0x08021818                TIM8_CC_IRQHandler
                0x08021818                TIM1_CC_IRQHandler
                0x08021818                TSC_IRQHandler
                0x08021818                TAMP_STAMP_IRQHandler
                0x08021818                EXTI3_IRQHandler
                0x08021818                LPTIM2_IRQHandler
                0x08021818                DFSDM1_FLT1_IRQHandler
                0x08021818                GFXMMU_IRQHandler
                0x08021818                I2C3_ER_IRQHandler
                0x08021818                DFSDM1_FLT2_IRQHandler
                0x08021818                EXTI0_IRQHandler
                0x08021818                I2C2_EV_IRQHandler
                0x08021818                CAN1_RX0_IRQHandler
                0x08021818                FPU_IRQHandler
                0x08021818                TIM1_UP_TIM16_IRQHandler
                0x08021818                LTDC_ER_IRQHandler
                0x08021818                SPI1_IRQHandler
                0x08021818                OCTOSPI1_IRQHandler
                0x08021818                TIM6_DAC_IRQHandler
                0x08021818                DCMI_IRQHandler
                0x08021818                TIM8_UP_IRQHandler
                0x08021818                OCTOSPI2_IRQHandler
                0x08021818                DMA2_Channel2_IRQHandler
                0x08021818                DMA1_Channel4_IRQHandler
                0x08021818                SAI2_IRQHandler
                0x08021818                ADC1_IRQHandler
                0x08021818                DFSDM1_FLT3_IRQHandler
                0x08021818                USART3_IRQHandler
                0x08021818                DMA1_Channel7_IRQHandler
                0x08021818                CAN1_RX1_IRQHandler
                0x08021818                UART5_IRQHandler
                0x08021818                TIM4_IRQHandler
                0x08021818                DMA2_Channel1_IRQHandler
                0x08021818                I2C1_EV_IRQHandler
                0x08021818                DMAMUX1_OVR_IRQHandler
                0x08021818                DMA1_Channel6_IRQHandler
                0x08021818                UART4_IRQHandler
                0x08021818                DMA2_Channel4_IRQHandler
                0x08021818                TIM3_IRQHandler
                0x08021818                RCC_IRQHandler
                0x08021818                DMA1_Channel1_IRQHandler
                0x08021818                Default_Handler
                0x08021818                DMA2_Channel7_IRQHandler
                0x08021818                EXTI15_10_IRQHandler
                0x08021818                TIM7_IRQHandler
                0x08021818                SDMMC1_IRQHandler
                0x08021818                TIM5_IRQHandler
                0x08021818                I2C3_EV_IRQHandler
                0x08021818                EXTI9_5_IRQHandler
                0x08021818                RTC_WKUP_IRQHandler
                0x08021818                LTDC_IRQHandler
                0x08021818                PVD_PVM_IRQHandler
                0x08021818                SPI2_IRQHandler
                0x08021818                CAN1_TX_IRQHandler
                0x08021818                DMA2_Channel5_IRQHandler
                0x08021818                DMA1_Channel5_IRQHandler
                0x08021818                EXTI4_IRQHandler
                0x08021818                RNG_IRQHandler
                0x08021818                TIM1_TRG_COM_TIM17_IRQHandler
                0x08021818                DMA1_Channel3_IRQHandler
                0x08021818                COMP_IRQHandler
                0x08021818                HASH_CRS_IRQHandler
                0x08021818                WWDG_IRQHandler
                0x08021818                I2C4_EV_IRQHandler
                0x08021818                LPUART1_IRQHandler
                0x08021818                DMA2_Channel6_IRQHandler
                0x08021818                TIM2_IRQHandler
                0x08021818                DMA2D_IRQHandler
                0x08021818                EXTI1_IRQHandler
                0x08021818                AES_IRQHandler
                0x08021818                USART2_IRQHandler
                0x08021818                DFSDM1_FLT0_IRQHandler
                0x08021818                I2C2_ER_IRQHandler
                0x08021818                DMA1_Channel2_IRQHandler
                0x08021818                TIM8_BRK_IRQHandler
                0x08021818                CAN1_SCE_IRQHandler
                0x08021818                FLASH_IRQHandler
                0x08021818                USART1_IRQHandler
                0x08021818                OTG_FS_IRQHandler
                0x08021818                SPI3_IRQHandler
                0x08021818                I2C1_ER_IRQHandler
                0x08021818                FMC_IRQHandler
                0x08021818                LPTIM1_IRQHandler
                0x08021818                I2C4_ER_IRQHandler
                0x08021818                SAI1_IRQHandler
                0x08021818                DMA2_Channel3_IRQHandler
                0x08021818                RTC_Alarm_IRQHandler
 .text.HAL_Init
                0x0802181a       0x30 ./Drivers/STM32L4xx_HAL_Driver/Src/stm32l4xx_hal.o
                0x0802181a                HAL_Init
 *fill*         0x0802184a        0x2 
 .text.HAL_InitTick
                0x0802184c       0x78 ./Drivers/STM32L4xx_HAL_Driver/Src/stm32l4xx_hal.o
                0x0802184c                HAL_InitTick
 .text.HAL_IncTick
                0x080218c4       0x28 ./Drivers/STM32L4xx_HAL_Driver/Src/stm32l4xx_hal.o
                0x080218c4                HAL_IncTick
 .text.HAL_GetTick
                0x080218ec       0x18 ./Drivers/STM32L4xx_HAL_Driver/Src/stm32l4xx_hal.o
                0x080218ec                HAL_GetTick
 .text.__NVIC_SetPriorityGrouping
                0x08021904       0x48 ./Drivers/STM32L4xx_HAL_Driver/Src/stm32l4xx_hal_cortex.o
 .text.__NVIC_GetPriorityGrouping
                0x0802194c       0x1c ./Drivers/STM32L4xx_HAL_Driver/Src/stm32l4xx_hal_cortex.o
 .text.__NVIC_SetPriority
                0x08021968       0x54 ./Drivers/STM32L4xx_HAL_Driver/Src/stm32l4xx_hal_cortex.o
 .text.NVIC_EncodePriority
                0x080219bc       0x66 ./Drivers/STM32L4xx_HAL_Driver/Src/stm32l4xx_hal_cortex.o
 *fill*         0x08021a22        0x2 
 .text.SysTick_Config
                0x08021a24       0x44 ./Drivers/STM32L4xx_HAL_Driver/Src/stm32l4xx_hal_cortex.o
 .text.HAL_NVIC_SetPriorityGrouping
                0x08021a68       0x16 ./Drivers/STM32L4xx_HAL_Driver/Src/stm32l4xx_hal_cortex.o
                0x08021a68                HAL_NVIC_SetPriorityGrouping
 .text.HAL_NVIC_SetPriority
                0x08021a7e       0x38 ./Drivers/STM32L4xx_HAL_Driver/Src/stm32l4xx_hal_cortex.o
                0x08021a7e                HAL_NVIC_SetPriority
 .text.HAL_SYSTICK_Config
                0x08021ab6       0x18 ./Drivers/STM32L4xx_HAL_Driver/Src/stm32l4xx_hal_cortex.o
                0x08021ab6                HAL_SYSTICK_Config
 *fill*         0x08021ace        0x2 
 .text.HAL_PWREx_GetVoltageRange
                0x08021ad0       0x40 ./Drivers/STM32L4xx_HAL_Driver/Src/stm32l4xx_hal_pwr_ex.o
                0x08021ad0                HAL_PWREx_GetVoltageRange
 .text.HAL_PWREx_ControlVoltageScaling
                0x08021b10      0x148 ./Drivers/STM32L4xx_HAL_Driver/Src/stm32l4xx_hal_pwr_ex.o
                0x08021b10                HAL_PWREx_ControlVoltageScaling
 .text.HAL_RCC_OscConfig
                0x08021c58      0x834 ./Drivers/STM32L4xx_HAL_Driver/Src/stm32l4xx_hal_rcc.o
                0x08021c58                HAL_RCC_OscConfig
 .text.HAL_RCC_ClockConfig
                0x0802248c      0x274 ./Drivers/STM32L4xx_HAL_Driver/Src/stm32l4xx_hal_rcc.o
                0x0802248c                HAL_RCC_ClockConfig
 .text.HAL_RCC_GetSysClockFreq
                0x08022700      0x118 ./Drivers/STM32L4xx_HAL_Driver/Src/stm32l4xx_hal_rcc.o
                0x08022700                HAL_RCC_GetSysClockFreq
 .text.RCC_SetFlashLatencyFromMSIRange
                0x08022818       0xb4 ./Drivers/STM32L4xx_HAL_Driver/Src/stm32l4xx_hal_rcc.o
 .text.RCC_GetSysClockFreqFromPLLSource
                0x080228cc       0xcc ./Drivers/STM32L4xx_HAL_Driver/Src/stm32l4xx_hal_rcc.o
 .text.arm_std_f32
                0x08022998      0x114 /Users/samerabdulkarim/STM32CubeIDE/workspace_1.16.0/lab1/Core/Lib/libarm_cortexM4lf_math.a(arm_std_f32.o)
                0x08022998                arm_std_f32
 .text.arm_mean_f32
                0x08022aac       0x7c /Users/samerabdulkarim/STM32CubeIDE/workspace_1.16.0/lab1/Core/Lib/libarm_cortexM4lf_math.a(arm_mean_f32.o)
                0x08022aac                arm_mean_f32
 .text.arm_correlate_f32
                0x08022b28      0x56c /Users/samerabdulkarim/STM32CubeIDE/workspace_1.16.0/lab1/Core/Lib/libarm_cortexM4lf_math.a(arm_correlate_f32.o)
                0x08022b28                arm_correlate_f32
 .text.arm_conv_f32
                0x08023094      0x534 /Users/samerabdulkarim/STM32CubeIDE/workspace_1.16.0/lab1/Core/Lib/libarm_cortexM4lf_math.a(arm_conv_f32.o)
                0x08023094                arm_conv_f32
 .text.arm_sub_f32
                0x080235c8       0xb4 /Users/samerabdulkarim/STM32CubeIDE/workspace_1.16.0/lab1/Core/Lib/libarm_cortexM4lf_math.a(arm_sub_f32.o)
                0x080235c8                arm_sub_f32
 .text.arm_mult_f32
                0x0802367c       0xb4 /Users/samerabdulkarim/STM32CubeIDE/workspace_1.16.0/lab1/Core/Lib/libarm_cortexM4lf_math.a(arm_mult_f32.o)
                0x0802367c                arm_mult_f32
 .text.arm_add_f32
                0x08023730       0xb4 /Users/samerabdulkarim/STM32CubeIDE/workspace_1.16.0/lab1/Core/Lib/libarm_cortexM4lf_math.a(arm_add_f32.o)
                0x08023730                arm_add_f32
 .text.memset   0x080237e4       0x10 /Applications/STM32CubeIDE.app/Contents/Eclipse/plugins/com.st.stm32cube.ide.mcu.externaltools.gnu-tools-for-stm32.12.3.rel1.macos64_1.0.200.202406191456/tools/bin/../lib/gcc/arm-none-eabi/12.3.1/../../../../arm-none-eabi/lib/thumb/v7e-m+fp/hard/libc_nano.a(libc_a-memset.o)
                0x080237e4                memset
 .text.__errno  0x080237f4        0xc /Applications/STM32CubeIDE.app/Contents/Eclipse/plugins/com.st.stm32cube.ide.mcu.externaltools.gnu-tools-for-stm32.12.3.rel1.macos64_1.0.200.202406191456/tools/bin/../lib/gcc/arm-none-eabi/12.3.1/../../../../arm-none-eabi/lib/thumb/v7e-m+fp/hard/libc_nano.a(libc_a-errno.o)
                0x080237f4                __errno
 .text.__libc_init_array
                0x08023800       0x48 /Applications/STM32CubeIDE.app/Contents/Eclipse/plugins/com.st.stm32cube.ide.mcu.externaltools.gnu-tools-for-stm32.12.3.rel1.macos64_1.0.200.202406191456/tools/bin/../lib/gcc/arm-none-eabi/12.3.1/../../../../arm-none-eabi/lib/thumb/v7e-m+fp/hard/libc_nano.a(libc_a-init.o)
                0x08023800                __libc_init_array
 .text.memcpy   0x08023848       0x1c /Applications/STM32CubeIDE.app/Contents/Eclipse/plugins/com.st.stm32cube.ide.mcu.externaltools.gnu-tools-for-stm32.12.3.rel1.macos64_1.0.200.202406191456/tools/bin/../lib/gcc/arm-none-eabi/12.3.1/../../../../arm-none-eabi/lib/thumb/v7e-m+fp/hard/libc_nano.a(libc_a-memcpy-stub.o)
                0x08023848                memcpy
 .text.sqrtf    0x08023864       0x3c /Applications/STM32CubeIDE.app/Contents/Eclipse/plugins/com.st.stm32cube.ide.mcu.externaltools.gnu-tools-for-stm32.12.3.rel1.macos64_1.0.200.202406191456/tools/bin/../lib/gcc/arm-none-eabi/12.3.1/../../../../arm-none-eabi/lib/thumb/v7e-m+fp/hard/libm.a(libm_a-wf_sqrt.o)
                0x08023864                sqrtf
 .text.sqrt     0x080238a0       0x58 /Applications/STM32CubeIDE.app/Contents/Eclipse/plugins/com.st.stm32cube.ide.mcu.externaltools.gnu-tools-for-stm32.12.3.rel1.macos64_1.0.200.202406191456/tools/bin/../lib/gcc/arm-none-eabi/12.3.1/../../../../arm-none-eabi/lib/thumb/v7e-m+fp/hard/libm.a(libm_a-w_sqrt.o)
                0x080238a0                sqrt
 .text.__ieee754_sqrt
                0x080238f8      0x1b4 /Applications/STM32CubeIDE.app/Contents/Eclipse/plugins/com.st.stm32cube.ide.mcu.externaltools.gnu-tools-for-stm32.12.3.rel1.macos64_1.0.200.202406191456/tools/bin/../lib/gcc/arm-none-eabi/12.3.1/../../../../arm-none-eabi/lib/thumb/v7e-m+fp/hard/libm.a(libm_a-e_sqrt.o)
                0x080238f8                __ieee754_sqrt
 .text.__ieee754_sqrtf
                0x08023aac        0x6 /Applications/STM32CubeIDE.app/Contents/Eclipse/plugins/com.st.stm32cube.ide.mcu.externaltools.gnu-tools-for-stm32.12.3.rel1.macos64_1.0.200.202406191456/tools/bin/../lib/gcc/arm-none-eabi/12.3.1/../../../../arm-none-eabi/lib/thumb/v7e-m+fp/hard/libm.a(libm_a-ef_sqrt.o)
                0x08023aac                __ieee754_sqrtf
 *(.glue_7)
 .glue_7        0x08023ab2        0x0 linker stubs
 *(.glue_7t)
 .glue_7t       0x08023ab2        0x0 linker stubs
 *(.eh_frame)
 *fill*         0x08023ab2        0x2 
 .eh_frame      0x08023ab4        0x0 /Applications/STM32CubeIDE.app/Contents/Eclipse/plugins/com.st.stm32cube.ide.mcu.externaltools.gnu-tools-for-stm32.12.3.rel1.macos64_1.0.200.202406191456/tools/bin/../lib/gcc/arm-none-eabi/12.3.1/thumb/v7e-m+fp/hard/crtbegin.o
 *(.init)
 .init          0x08023ab4        0x4 /Applications/STM32CubeIDE.app/Contents/Eclipse/plugins/com.st.stm32cube.ide.mcu.externaltools.gnu-tools-for-stm32.12.3.rel1.macos64_1.0.200.202406191456/tools/bin/../lib/gcc/arm-none-eabi/12.3.1/thumb/v7e-m+fp/hard/crti.o
                0x08023ab4                _init
 .init          0x08023ab8        0x8 /Applications/STM32CubeIDE.app/Contents/Eclipse/plugins/com.st.stm32cube.ide.mcu.externaltools.gnu-tools-for-stm32.12.3.rel1.macos64_1.0.200.202406191456/tools/bin/../lib/gcc/arm-none-eabi/12.3.1/thumb/v7e-m+fp/hard/crtn.o
 *(.fini)
 .fini          0x08023ac0        0x4 /Applications/STM32CubeIDE.app/Contents/Eclipse/plugins/com.st.stm32cube.ide.mcu.externaltools.gnu-tools-for-stm32.12.3.rel1.macos64_1.0.200.202406191456/tools/bin/../lib/gcc/arm-none-eabi/12.3.1/thumb/v7e-m+fp/hard/crti.o
                0x08023ac0                _fini
 .fini          0x08023ac4        0x8 /Applications/STM32CubeIDE.app/Contents/Eclipse/plugins/com.st.stm32cube.ide.mcu.externaltools.gnu-tools-for-stm32.12.3.rel1.macos64_1.0.200.202406191456/tools/bin/../lib/gcc/arm-none-eabi/12.3.1/thumb/v7e-m+fp/hard/crtn.o
                0x08023acc                        . = ALIGN (0x4)
                0x08023acc                        _etext = .

.vfp11_veneer   0x08023acc        0x0
 .vfp11_veneer  0x08023acc        0x0 linker stubs

.v4_bx          0x08023acc        0x0
 .v4_bx         0x08023acc        0x0 linker stubs

.iplt           0x08023acc        0x0
 .iplt          0x08023acc        0x0 /Applications/STM32CubeIDE.app/Contents/Eclipse/plugins/com.st.stm32cube.ide.mcu.externaltools.gnu-tools-for-stm32.12.3.rel1.macos64_1.0.200.202406191456/tools/bin/../lib/gcc/arm-none-eabi/12.3.1/thumb/v7e-m+fp/hard/crtbegin.o

.rodata         0x08023acc      0x1e8
                0x08023acc                        . = ALIGN (0x4)
 *(.rodata)
 .rodata        0x08023acc      0x1a8 ./Core/Src/main.o
 *(.rodata*)
 .rodata.AHBPrescTable
                0x08023c74       0x10 ./Core/Src/system_stm32l4xx.o
                0x08023c74                AHBPrescTable
 .rodata.MSIRangeTable
                0x08023c84       0x30 ./Core/Src/system_stm32l4xx.o
                0x08023c84                MSIRangeTable
                0x08023cb4                        . = ALIGN (0x4)

.ARM.extab      0x08023cb4        0x0
                0x08023cb4                        . = ALIGN (0x4)
 *(.ARM.extab* .gnu.linkonce.armextab.*)
                0x08023cb4                        . = ALIGN (0x4)

.ARM            0x08023cb4        0x0
                0x08023cb4                        . = ALIGN (0x4)
                0x08023cb4                        __exidx_start = .
 *(.ARM.exidx*)
                0x08023cb4                        __exidx_end = .
                0x08023cb4                        . = ALIGN (0x4)

.preinit_array  0x08023cb4        0x0
                0x08023cb4                        . = ALIGN (0x4)
                0x08023cb4                        PROVIDE (__preinit_array_start = .)
 *(.preinit_array*)
                0x08023cb4                        PROVIDE (__preinit_array_end = .)
                0x08023cb4                        . = ALIGN (0x4)

.init_array     0x08023cb4        0x4
                0x08023cb4                        . = ALIGN (0x4)
                0x08023cb4                        PROVIDE (__init_array_start = .)
 *(SORT_BY_NAME(.init_array.*))
 *(.init_array*)
 .init_array    0x08023cb4        0x4 /Applications/STM32CubeIDE.app/Contents/Eclipse/plugins/com.st.stm32cube.ide.mcu.externaltools.gnu-tools-for-stm32.12.3.rel1.macos64_1.0.200.202406191456/tools/bin/../lib/gcc/arm-none-eabi/12.3.1/thumb/v7e-m+fp/hard/crtbegin.o
                0x08023cb8                        PROVIDE (__init_array_end = .)
                0x08023cb8                        . = ALIGN (0x4)

.fini_array     0x08023cb8        0x4
                0x08023cb8                        . = ALIGN (0x4)
                [!provide]                        PROVIDE (__fini_array_start = .)
 *(SORT_BY_NAME(.fini_array.*))
 *(.fini_array*)
 .fini_array    0x08023cb8        0x4 /Applications/STM32CubeIDE.app/Contents/Eclipse/plugins/com.st.stm32cube.ide.mcu.externaltools.gnu-tools-for-stm32.12.3.rel1.macos64_1.0.200.202406191456/tools/bin/../lib/gcc/arm-none-eabi/12.3.1/thumb/v7e-m+fp/hard/crtbegin.o
                [!provide]                        PROVIDE (__fini_array_end = .)
                0x08023cbc                        . = ALIGN (0x4)
                0x08023cbc                        _sidata = LOADADDR (.data)

.rel.dyn        0x08023cbc        0x0
 .rel.iplt      0x08023cbc        0x0 /Applications/STM32CubeIDE.app/Contents/Eclipse/plugins/com.st.stm32cube.ide.mcu.externaltools.gnu-tools-for-stm32.12.3.rel1.macos64_1.0.200.202406191456/tools/bin/../lib/gcc/arm-none-eabi/12.3.1/thumb/v7e-m+fp/hard/crtbegin.o

.data           0x20000000       0x70 load address 0x08023cbc
                0x20000000                        . = ALIGN (0x4)
                0x20000000                        _sdata = .
 *(.data)
 *(.data*)
 .data.SystemCoreClock
                0x20000000        0x4 ./Core/Src/system_stm32l4xx.o
                0x20000000                SystemCoreClock
 .data.uwTickPrio
                0x20000004        0x4 ./Drivers/STM32L4xx_HAL_Driver/Src/stm32l4xx_hal.o
                0x20000004                uwTickPrio
 .data.uwTickFreq
                0x20000008        0x1 ./Drivers/STM32L4xx_HAL_Driver/Src/stm32l4xx_hal.o
                0x20000008                uwTickFreq
 *fill*         0x20000009        0x3 
 .data._impure_ptr
                0x2000000c        0x4 /Applications/STM32CubeIDE.app/Contents/Eclipse/plugins/com.st.stm32cube.ide.mcu.externaltools.gnu-tools-for-stm32.12.3.rel1.macos64_1.0.200.202406191456/tools/bin/../lib/gcc/arm-none-eabi/12.3.1/../../../../arm-none-eabi/lib/thumb/v7e-m+fp/hard/libc_nano.a(libc_a-impure.o)
                0x2000000c                _impure_ptr
 .data._impure_data
                0x20000010       0x4c /Applications/STM32CubeIDE.app/Contents/Eclipse/plugins/com.st.stm32cube.ide.mcu.externaltools.gnu-tools-for-stm32.12.3.rel1.macos64_1.0.200.202406191456/tools/bin/../lib/gcc/arm-none-eabi/12.3.1/../../../../arm-none-eabi/lib/thumb/v7e-m+fp/hard/libc_nano.a(libc_a-impure.o)
                0x20000010                _impure_data
 *fill*         0x2000005c        0x4 
 .data.tiny     0x20000060        0x8 /Applications/STM32CubeIDE.app/Contents/Eclipse/plugins/com.st.stm32cube.ide.mcu.externaltools.gnu-tools-for-stm32.12.3.rel1.macos64_1.0.200.202406191456/tools/bin/../lib/gcc/arm-none-eabi/12.3.1/../../../../arm-none-eabi/lib/thumb/v7e-m+fp/hard/libm.a(libm_a-e_sqrt.o)
 .data.one      0x20000068        0x8 /Applications/STM32CubeIDE.app/Contents/Eclipse/plugins/com.st.stm32cube.ide.mcu.externaltools.gnu-tools-for-stm32.12.3.rel1.macos64_1.0.200.202406191456/tools/bin/../lib/gcc/arm-none-eabi/12.3.1/../../../../arm-none-eabi/lib/thumb/v7e-m+fp/hard/libm.a(libm_a-e_sqrt.o)
 *(.RamFunc)
 *(.RamFunc*)
                0x20000070                        . = ALIGN (0x4)
                0x20000070                        _edata = .

.igot.plt       0x20000070        0x0 load address 0x08023d2c
 .igot.plt      0x20000070        0x0 /Applications/STM32CubeIDE.app/Contents/Eclipse/plugins/com.st.stm32cube.ide.mcu.externaltools.gnu-tools-for-stm32.12.3.rel1.macos64_1.0.200.202406191456/tools/bin/../lib/gcc/arm-none-eabi/12.3.1/thumb/v7e-m+fp/hard/crtbegin.o
                0x20000070                        . = ALIGN (0x4)

.bss            0x20000070      0x158 load address 0x08023d2c
                0x20000070                        _sbss = .
                0x20000070                        __bss_start__ = _sbss
 *(.bss)
 .bss           0x20000070       0x1c /Applications/STM32CubeIDE.app/Contents/Eclipse/plugins/com.st.stm32cube.ide.mcu.externaltools.gnu-tools-for-stm32.12.3.rel1.macos64_1.0.200.202406191456/tools/bin/../lib/gcc/arm-none-eabi/12.3.1/thumb/v7e-m+fp/hard/crtbegin.o
 *(.bss*)
 .bss.uwTick    0x2000008c        0x4 ./Drivers/STM32L4xx_HAL_Driver/Src/stm32l4xx_hal.o
                0x2000008c                uwTick
 .bss.__sf      0x20000090      0x138 /Applications/STM32CubeIDE.app/Contents/Eclipse/plugins/com.st.stm32cube.ide.mcu.externaltools.gnu-tools-for-stm32.12.3.rel1.macos64_1.0.200.202406191456/tools/bin/../lib/gcc/arm-none-eabi/12.3.1/../../../../arm-none-eabi/lib/thumb/v7e-m+fp/hard/libc_nano.a(libc_a-findfp.o)
                0x20000090                __sf
 *(COMMON)
                0x200001c8                        . = ALIGN (0x4)
                0x200001c8                        _ebss = .
                0x200001c8                        __bss_end__ = _ebss

._user_heap_stack
                0x200001c8      0x600 load address 0x08023d2c
                0x200001c8                        . = ALIGN (0x8)
                [!provide]                        PROVIDE (end = .)
                0x200001c8                        PROVIDE (_end = .)
                0x200003c8                        . = (. + _Min_Heap_Size)
 *fill*         0x200001c8      0x200 
                0x200007c8                        . = (. + _Min_Stack_Size)
 *fill*         0x200003c8      0x400 
                0x200007c8                        . = ALIGN (0x8)

/DISCARD/
 libc.a(*)
 libm.a(*)
 libgcc.a(*)

.ARM.attributes
                0x00000000       0x30
 *(.ARM.attributes)
 .ARM.attributes
                0x00000000       0x22 /Applications/STM32CubeIDE.app/Contents/Eclipse/plugins/com.st.stm32cube.ide.mcu.externaltools.gnu-tools-for-stm32.12.3.rel1.macos64_1.0.200.202406191456/tools/bin/../lib/gcc/arm-none-eabi/12.3.1/thumb/v7e-m+fp/hard/crti.o
 .ARM.attributes
                0x00000022       0x34 /Applications/STM32CubeIDE.app/Contents/Eclipse/plugins/com.st.stm32cube.ide.mcu.externaltools.gnu-tools-for-stm32.12.3.rel1.macos64_1.0.200.202406191456/tools/bin/../lib/gcc/arm-none-eabi/12.3.1/thumb/v7e-m+fp/hard/crtbegin.o
 .ARM.attributes
                0x00000056       0x20 ./Core/Src/kalman.o
 .ARM.attributes
                0x00000076       0x34 ./Core/Src/main.o
 .ARM.attributes
                0x000000aa       0x34 ./Core/Src/stm32l4xx_hal_msp.o
 .ARM.attributes
                0x000000de       0x34 ./Core/Src/stm32l4xx_it.o
 .ARM.attributes
                0x00000112       0x34 ./Core/Src/system_stm32l4xx.o
 .ARM.attributes
                0x00000146       0x21 ./Core/Startup/startup_stm32l4s5vitx.o
 .ARM.attributes
                0x00000167       0x34 ./Drivers/STM32L4xx_HAL_Driver/Src/stm32l4xx_hal.o
 .ARM.attributes
                0x0000019b       0x34 ./Drivers/STM32L4xx_HAL_Driver/Src/stm32l4xx_hal_cortex.o
 .ARM.attributes
                0x000001cf       0x34 ./Drivers/STM32L4xx_HAL_Driver/Src/stm32l4xx_hal_pwr_ex.o
 .ARM.attributes
                0x00000203       0x34 ./Drivers/STM32L4xx_HAL_Driver/Src/stm32l4xx_hal_rcc.o
 .ARM.attributes
                0x00000237       0x34 /Users/samerabdulkarim/STM32CubeIDE/workspace_1.16.0/lab1/Core/Lib/libarm_cortexM4lf_math.a(arm_std_f32.o)
 .ARM.attributes
                0x0000026b       0x34 /Users/samerabdulkarim/STM32CubeIDE/workspace_1.16.0/lab1/Core/Lib/libarm_cortexM4lf_math.a(arm_mean_f32.o)
 .ARM.attributes
                0x0000029f       0x34 /Users/samerabdulkarim/STM32CubeIDE/workspace_1.16.0/lab1/Core/Lib/libarm_cortexM4lf_math.a(arm_correlate_f32.o)
 .ARM.attributes
                0x000002d3       0x34 /Users/samerabdulkarim/STM32CubeIDE/workspace_1.16.0/lab1/Core/Lib/libarm_cortexM4lf_math.a(arm_conv_f32.o)
 .ARM.attributes
                0x00000307       0x34 /Users/samerabdulkarim/STM32CubeIDE/workspace_1.16.0/lab1/Core/Lib/libarm_cortexM4lf_math.a(arm_sub_f32.o)
 .ARM.attributes
                0x0000033b       0x34 /Users/samerabdulkarim/STM32CubeIDE/workspace_1.16.0/lab1/Core/Lib/libarm_cortexM4lf_math.a(arm_mult_f32.o)
 .ARM.attributes
                0x0000036f       0x34 /Users/samerabdulkarim/STM32CubeIDE/workspace_1.16.0/lab1/Core/Lib/libarm_cortexM4lf_math.a(arm_add_f32.o)
 .ARM.attributes
                0x000003a3       0x34 /Applications/STM32CubeIDE.app/Contents/Eclipse/plugins/com.st.stm32cube.ide.mcu.externaltools.gnu-tools-for-stm32.12.3.rel1.macos64_1.0.200.202406191456/tools/bin/../lib/gcc/arm-none-eabi/12.3.1/../../../../arm-none-eabi/lib/thumb/v7e-m+fp/hard/libc_nano.a(libc_a-findfp.o)
 .ARM.attributes
                0x000003d7       0x34 /Applications/STM32CubeIDE.app/Contents/Eclipse/plugins/com.st.stm32cube.ide.mcu.externaltools.gnu-tools-for-stm32.12.3.rel1.macos64_1.0.200.202406191456/tools/bin/../lib/gcc/arm-none-eabi/12.3.1/../../../../arm-none-eabi/lib/thumb/v7e-m+fp/hard/libc_nano.a(libc_a-memset.o)
 .ARM.attributes
                0x0000040b       0x34 /Applications/STM32CubeIDE.app/Contents/Eclipse/plugins/com.st.stm32cube.ide.mcu.externaltools.gnu-tools-for-stm32.12.3.rel1.macos64_1.0.200.202406191456/tools/bin/../lib/gcc/arm-none-eabi/12.3.1/../../../../arm-none-eabi/lib/thumb/v7e-m+fp/hard/libc_nano.a(libc_a-impure.o)
 .ARM.attributes
                0x0000043f       0x34 /Applications/STM32CubeIDE.app/Contents/Eclipse/plugins/com.st.stm32cube.ide.mcu.externaltools.gnu-tools-for-stm32.12.3.rel1.macos64_1.0.200.202406191456/tools/bin/../lib/gcc/arm-none-eabi/12.3.1/../../../../arm-none-eabi/lib/thumb/v7e-m+fp/hard/libc_nano.a(libc_a-errno.o)
 .ARM.attributes
                0x00000473       0x34 /Applications/STM32CubeIDE.app/Contents/Eclipse/plugins/com.st.stm32cube.ide.mcu.externaltools.gnu-tools-for-stm32.12.3.rel1.macos64_1.0.200.202406191456/tools/bin/../lib/gcc/arm-none-eabi/12.3.1/../../../../arm-none-eabi/lib/thumb/v7e-m+fp/hard/libc_nano.a(libc_a-init.o)
 .ARM.attributes
                0x000004a7       0x34 /Applications/STM32CubeIDE.app/Contents/Eclipse/plugins/com.st.stm32cube.ide.mcu.externaltools.gnu-tools-for-stm32.12.3.rel1.macos64_1.0.200.202406191456/tools/bin/../lib/gcc/arm-none-eabi/12.3.1/../../../../arm-none-eabi/lib/thumb/v7e-m+fp/hard/libc_nano.a(libc_a-memcpy-stub.o)
 .ARM.attributes
                0x000004db       0x34 /Applications/STM32CubeIDE.app/Contents/Eclipse/plugins/com.st.stm32cube.ide.mcu.externaltools.gnu-tools-for-stm32.12.3.rel1.macos64_1.0.200.202406191456/tools/bin/../lib/gcc/arm-none-eabi/12.3.1/../../../../arm-none-eabi/lib/thumb/v7e-m+fp/hard/libm.a(libm_a-wf_sqrt.o)
 .ARM.attributes
                0x0000050f       0x34 /Applications/STM32CubeIDE.app/Contents/Eclipse/plugins/com.st.stm32cube.ide.mcu.externaltools.gnu-tools-for-stm32.12.3.rel1.macos64_1.0.200.202406191456/tools/bin/../lib/gcc/arm-none-eabi/12.3.1/../../../../arm-none-eabi/lib/thumb/v7e-m+fp/hard/libm.a(libm_a-w_sqrt.o)
 .ARM.attributes
                0x00000543       0x34 /Applications/STM32CubeIDE.app/Contents/Eclipse/plugins/com.st.stm32cube.ide.mcu.externaltools.gnu-tools-for-stm32.12.3.rel1.macos64_1.0.200.202406191456/tools/bin/../lib/gcc/arm-none-eabi/12.3.1/../../../../arm-none-eabi/lib/thumb/v7e-m+fp/hard/libm.a(libm_a-e_sqrt.o)
 .ARM.attributes
                0x00000577       0x34 /Applications/STM32CubeIDE.app/Contents/Eclipse/plugins/com.st.stm32cube.ide.mcu.externaltools.gnu-tools-for-stm32.12.3.rel1.macos64_1.0.200.202406191456/tools/bin/../lib/gcc/arm-none-eabi/12.3.1/../../../../arm-none-eabi/lib/thumb/v7e-m+fp/hard/libm.a(libm_a-ef_sqrt.o)
 .ARM.attributes
                0x000005ab       0x22 /Applications/STM32CubeIDE.app/Contents/Eclipse/plugins/com.st.stm32cube.ide.mcu.externaltools.gnu-tools-for-stm32.12.3.rel1.macos64_1.0.200.202406191456/tools/bin/../lib/gcc/arm-none-eabi/12.3.1/thumb/v7e-m+fp/hard/libgcc.a(_arm_addsubdf3.o)
 .ARM.attributes
                0x000005cd       0x22 /Applications/STM32CubeIDE.app/Contents/Eclipse/plugins/com.st.stm32cube.ide.mcu.externaltools.gnu-tools-for-stm32.12.3.rel1.macos64_1.0.200.202406191456/tools/bin/../lib/gcc/arm-none-eabi/12.3.1/thumb/v7e-m+fp/hard/libgcc.a(_arm_muldivdf3.o)
 .ARM.attributes
                0x000005ef       0x22 /Applications/STM32CubeIDE.app/Contents/Eclipse/plugins/com.st.stm32cube.ide.mcu.externaltools.gnu-tools-for-stm32.12.3.rel1.macos64_1.0.200.202406191456/tools/bin/../lib/gcc/arm-none-eabi/12.3.1/thumb/v7e-m+fp/hard/libgcc.a(_arm_cmpdf2.o)
 .ARM.attributes
                0x00000611       0x22 /Applications/STM32CubeIDE.app/Contents/Eclipse/plugins/com.st.stm32cube.ide.mcu.externaltools.gnu-tools-for-stm32.12.3.rel1.macos64_1.0.200.202406191456/tools/bin/../lib/gcc/arm-none-eabi/12.3.1/thumb/v7e-m+fp/hard/libgcc.a(_arm_unorddf2.o)
 .ARM.attributes
                0x00000633       0x22 /Applications/STM32CubeIDE.app/Contents/Eclipse/plugins/com.st.stm32cube.ide.mcu.externaltools.gnu-tools-for-stm32.12.3.rel1.macos64_1.0.200.202406191456/tools/bin/../lib/gcc/arm-none-eabi/12.3.1/thumb/v7e-m+fp/hard/libgcc.a(_arm_truncdfsf2.o)
 .ARM.attributes
                0x00000655       0x22 /Applications/STM32CubeIDE.app/Contents/Eclipse/plugins/com.st.stm32cube.ide.mcu.externaltools.gnu-tools-for-stm32.12.3.rel1.macos64_1.0.200.202406191456/tools/bin/../lib/gcc/arm-none-eabi/12.3.1/thumb/v7e-m+fp/hard/crtn.o
OUTPUT(lab1.elf elf32-littlearm)
LOAD linker stubs
LOAD /Applications/STM32CubeIDE.app/Contents/Eclipse/plugins/com.st.stm32cube.ide.mcu.externaltools.gnu-tools-for-stm32.12.3.rel1.macos64_1.0.200.202406191456/tools/bin/../lib/gcc/arm-none-eabi/12.3.1/../../../../arm-none-eabi/lib/thumb/v7e-m+fp/hard/libc.a
LOAD /Applications/STM32CubeIDE.app/Contents/Eclipse/plugins/com.st.stm32cube.ide.mcu.externaltools.gnu-tools-for-stm32.12.3.rel1.macos64_1.0.200.202406191456/tools/bin/../lib/gcc/arm-none-eabi/12.3.1/../../../../arm-none-eabi/lib/thumb/v7e-m+fp/hard/libm.a
LOAD /Applications/STM32CubeIDE.app/Contents/Eclipse/plugins/com.st.stm32cube.ide.mcu.externaltools.gnu-tools-for-stm32.12.3.rel1.macos64_1.0.200.202406191456/tools/bin/../lib/gcc/arm-none-eabi/12.3.1/thumb/v7e-m+fp/hard/libgcc.a

.debug_line     0x00000000     0x7a80
 .debug_line    0x00000000       0x66 ./Core/Src/kalman.o
 .debug_line    0x00000066      0xe4c ./Core/Src/main.o
 .debug_line    0x00000eb2      0x69b ./Core/Src/stm32l4xx_hal_msp.o
 .debug_line    0x0000154d      0x75d ./Core/Src/stm32l4xx_it.o
 .debug_line    0x00001caa      0x735 ./Core/Src/system_stm32l4xx.o
 .debug_line    0x000023df       0x7a ./Core/Startup/startup_stm32l4s5vitx.o
 .debug_line    0x00002459      0xa90 ./Drivers/STM32L4xx_HAL_Driver/Src/stm32l4xx_hal.o
 .debug_line    0x00002ee9      0xc59 ./Drivers/STM32L4xx_HAL_Driver/Src/stm32l4xx_hal_cortex.o
 .debug_line    0x00003b42      0xcf7 ./Drivers/STM32L4xx_HAL_Driver/Src/stm32l4xx_hal_pwr_ex.o
 .debug_line    0x00004839      0xfe1 ./Drivers/STM32L4xx_HAL_Driver/Src/stm32l4xx_hal_rcc.o
 .debug_line    0x0000581a      0x3c5 /Users/samerabdulkarim/STM32CubeIDE/workspace_1.16.0/lab1/Core/Lib/libarm_cortexM4lf_math.a(arm_std_f32.o)
 .debug_line    0x00005bdf      0x2d9 /Users/samerabdulkarim/STM32CubeIDE/workspace_1.16.0/lab1/Core/Lib/libarm_cortexM4lf_math.a(arm_mean_f32.o)
 .debug_line    0x00005eb8      0x9e6 /Users/samerabdulkarim/STM32CubeIDE/workspace_1.16.0/lab1/Core/Lib/libarm_cortexM4lf_math.a(arm_correlate_f32.o)
 .debug_line    0x0000689e      0x944 /Users/samerabdulkarim/STM32CubeIDE/workspace_1.16.0/lab1/Core/Lib/libarm_cortexM4lf_math.a(arm_conv_f32.o)
 .debug_line    0x000071e2      0x2df /Users/samerabdulkarim/STM32CubeIDE/workspace_1.16.0/lab1/Core/Lib/libarm_cortexM4lf_math.a(arm_sub_f32.o)
 .debug_line    0x000074c1      0x2e0 /Users/samerabdulkarim/STM32CubeIDE/workspace_1.16.0/lab1/Core/Lib/libarm_cortexM4lf_math.a(arm_mult_f32.o)
 .debug_line    0x000077a1      0x2df /Users/samerabdulkarim/STM32CubeIDE/workspace_1.16.0/lab1/Core/Lib/libarm_cortexM4lf_math.a(arm_add_f32.o)

.debug_line_str
                0x00000000       0x7d
 .debug_line_str
                0x00000000       0x55 ./Core/Src/kalman.o
 .debug_line_str
                0x00000055       0x28 ./Core/Startup/startup_stm32l4s5vitx.o
                                 0x68 (size before relaxing)

.debug_info     0x00000000     0x9bc4
 .debug_info    0x00000000       0x24 ./Core/Src/kalman.o
 .debug_info    0x00000024      0xfd4 ./Core/Src/main.o
 .debug_info    0x00000ff8      0x2e9 ./Core/Src/stm32l4xx_hal_msp.o
 .debug_info    0x000012e1      0x113 ./Core/Src/stm32l4xx_it.o
 .debug_info    0x000013f4      0x5e9 ./Core/Src/system_stm32l4xx.o
 .debug_info    0x000019dd       0x30 ./Core/Startup/startup_stm32l4s5vitx.o
 .debug_info    0x00001a0d      0xb4f ./Drivers/STM32L4xx_HAL_Driver/Src/stm32l4xx_hal.o
 .debug_info    0x0000255c      0xd9f ./Drivers/STM32L4xx_HAL_Driver/Src/stm32l4xx_hal_cortex.o
 .debug_info    0x000032fb      0xa0a ./Drivers/STM32L4xx_HAL_Driver/Src/stm32l4xx_hal_pwr_ex.o
 .debug_info    0x00003d05      0xd32 ./Drivers/STM32L4xx_HAL_Driver/Src/stm32l4xx_hal_rcc.o
 .debug_info    0x00004a37      0xc13 /Users/samerabdulkarim/STM32CubeIDE/workspace_1.16.0/lab1/Core/Lib/libarm_cortexM4lf_math.a(arm_std_f32.o)
 .debug_info    0x0000564a      0xae8 /Users/samerabdulkarim/STM32CubeIDE/workspace_1.16.0/lab1/Core/Lib/libarm_cortexM4lf_math.a(arm_mean_f32.o)
 .debug_info    0x00006132      0xcf5 /Users/samerabdulkarim/STM32CubeIDE/workspace_1.16.0/lab1/Core/Lib/libarm_cortexM4lf_math.a(arm_correlate_f32.o)
 .debug_info    0x00006e27      0xcc1 /Users/samerabdulkarim/STM32CubeIDE/workspace_1.16.0/lab1/Core/Lib/libarm_cortexM4lf_math.a(arm_conv_f32.o)
 .debug_info    0x00007ae8      0xaf4 /Users/samerabdulkarim/STM32CubeIDE/workspace_1.16.0/lab1/Core/Lib/libarm_cortexM4lf_math.a(arm_sub_f32.o)
 .debug_info    0x000085dc      0xaf4 /Users/samerabdulkarim/STM32CubeIDE/workspace_1.16.0/lab1/Core/Lib/libarm_cortexM4lf_math.a(arm_mult_f32.o)
 .debug_info    0x000090d0      0xaf4 /Users/samerabdulkarim/STM32CubeIDE/workspace_1.16.0/lab1/Core/Lib/libarm_cortexM4lf_math.a(arm_add_f32.o)

.debug_abbrev   0x00000000     0x1e98
 .debug_abbrev  0x00000000       0x14 ./Core/Src/kalman.o
 .debug_abbrev  0x00000014      0x34c ./Core/Src/main.o
 .debug_abbrev  0x00000360       0xc6 ./Core/Src/stm32l4xx_hal_msp.o
 .debug_abbrev  0x00000426       0x73 ./Core/Src/stm32l4xx_it.o
 .debug_abbrev  0x00000499      0x11a ./Core/Src/system_stm32l4xx.o
 .debug_abbrev  0x000005b3       0x24 ./Core/Startup/startup_stm32l4s5vitx.o
 .debug_abbrev  0x000005d7      0x242 ./Drivers/STM32L4xx_HAL_Driver/Src/stm32l4xx_hal.o
 .debug_abbrev  0x00000819      0x31c ./Drivers/STM32L4xx_HAL_Driver/Src/stm32l4xx_hal_cortex.o
 .debug_abbrev  0x00000b35      0x1f9 ./Drivers/STM32L4xx_HAL_Driver/Src/stm32l4xx_hal_pwr_ex.o
 .debug_abbrev  0x00000d2e      0x306 ./Drivers/STM32L4xx_HAL_Driver/Src/stm32l4xx_hal_rcc.o
 .debug_abbrev  0x00001034      0x286 /Users/samerabdulkarim/STM32CubeIDE/workspace_1.16.0/lab1/Core/Lib/libarm_cortexM4lf_math.a(arm_std_f32.o)
 .debug_abbrev  0x000012ba      0x210 /Users/samerabdulkarim/STM32CubeIDE/workspace_1.16.0/lab1/Core/Lib/libarm_cortexM4lf_math.a(arm_mean_f32.o)
 .debug_abbrev  0x000014ca      0x1ff /Users/samerabdulkarim/STM32CubeIDE/workspace_1.16.0/lab1/Core/Lib/libarm_cortexM4lf_math.a(arm_correlate_f32.o)
 .debug_abbrev  0x000016c9      0x20e /Users/samerabdulkarim/STM32CubeIDE/workspace_1.16.0/lab1/Core/Lib/libarm_cortexM4lf_math.a(arm_conv_f32.o)
 .debug_abbrev  0x000018d7      0x1eb /Users/samerabdulkarim/STM32CubeIDE/workspace_1.16.0/lab1/Core/Lib/libarm_cortexM4lf_math.a(arm_sub_f32.o)
 .debug_abbrev  0x00001ac2      0x1eb /Users/samerabdulkarim/STM32CubeIDE/workspace_1.16.0/lab1/Core/Lib/libarm_cortexM4lf_math.a(arm_mult_f32.o)
 .debug_abbrev  0x00001cad      0x1eb /Users/samerabdulkarim/STM32CubeIDE/workspace_1.16.0/lab1/Core/Lib/libarm_cortexM4lf_math.a(arm_add_f32.o)

.debug_aranges  0x00000000      0x6d0
 .debug_aranges
                0x00000000       0x20 ./Core/Src/kalman.o
 .debug_aranges
                0x00000020       0xa0 ./Core/Src/main.o
 .debug_aranges
                0x000000c0       0x20 ./Core/Src/stm32l4xx_hal_msp.o
 .debug_aranges
                0x000000e0       0x60 ./Core/Src/stm32l4xx_it.o
 .debug_aranges
                0x00000140       0x28 ./Core/Src/system_stm32l4xx.o
 .debug_aranges
                0x00000168       0x28 ./Core/Startup/startup_stm32l4s5vitx.o
 .debug_aranges
                0x00000190      0x130 ./Drivers/STM32L4xx_HAL_Driver/Src/stm32l4xx_hal.o
 .debug_aranges
                0x000002c0      0x128 ./Drivers/STM32L4xx_HAL_Driver/Src/stm32l4xx_hal_cortex.o
 .debug_aranges
                0x000003e8      0x170 ./Drivers/STM32L4xx_HAL_Driver/Src/stm32l4xx_hal_pwr_ex.o
 .debug_aranges
                0x00000558       0x98 ./Drivers/STM32L4xx_HAL_Driver/Src/stm32l4xx_hal_rcc.o
 .debug_aranges
                0x000005f0       0x20 /Users/samerabdulkarim/STM32CubeIDE/workspace_1.16.0/lab1/Core/Lib/libarm_cortexM4lf_math.a(arm_std_f32.o)
 .debug_aranges
                0x00000610       0x20 /Users/samerabdulkarim/STM32CubeIDE/workspace_1.16.0/lab1/Core/Lib/libarm_cortexM4lf_math.a(arm_mean_f32.o)
 .debug_aranges
                0x00000630       0x20 /Users/samerabdulkarim/STM32CubeIDE/workspace_1.16.0/lab1/Core/Lib/libarm_cortexM4lf_math.a(arm_correlate_f32.o)
 .debug_aranges
                0x00000650       0x20 /Users/samerabdulkarim/STM32CubeIDE/workspace_1.16.0/lab1/Core/Lib/libarm_cortexM4lf_math.a(arm_conv_f32.o)
 .debug_aranges
                0x00000670       0x20 /Users/samerabdulkarim/STM32CubeIDE/workspace_1.16.0/lab1/Core/Lib/libarm_cortexM4lf_math.a(arm_sub_f32.o)
 .debug_aranges
                0x00000690       0x20 /Users/samerabdulkarim/STM32CubeIDE/workspace_1.16.0/lab1/Core/Lib/libarm_cortexM4lf_math.a(arm_mult_f32.o)
 .debug_aranges
                0x000006b0       0x20 /Users/samerabdulkarim/STM32CubeIDE/workspace_1.16.0/lab1/Core/Lib/libarm_cortexM4lf_math.a(arm_add_f32.o)

.debug_str      0x00000000    0xf9eff
 .debug_str     0x00000000       0x63 ./Core/Src/kalman.o
 .debug_str     0x00000063    0xf7cc0 ./Core/Src/main.o
                              0xf8081 (size before relaxing)
 .debug_str     0x000f7d23       0x2c ./Core/Src/stm32l4xx_hal_msp.o
                              0xf2eea (size before relaxing)
 .debug_str     0x000f7d4f       0xc9 ./Core/Src/stm32l4xx_it.o
                              0xf2e04 (size before relaxing)
 .debug_str     0x000f7e18       0xfc ./Core/Src/system_stm32l4xx.o
                              0xf2fb1 (size before relaxing)
 .debug_str     0x000f7f14       0x36 ./Core/Startup/startup_stm32l4s5vitx.o
                                 0x84 (size before relaxing)
 .debug_str     0x000f7f4a      0xac9 ./Drivers/STM32L4xx_HAL_Driver/Src/stm32l4xx_hal.o
                              0xf3b8f (size before relaxing)
 .debug_str     0x000f8a13      0x388 ./Drivers/STM32L4xx_HAL_Driver/Src/stm32l4xx_hal_cortex.o
                              0xf3850 (size before relaxing)
 .debug_str     0x000f8d9b      0x5c1 ./Drivers/STM32L4xx_HAL_Driver/Src/stm32l4xx_hal_pwr_ex.o
                              0xf3584 (size before relaxing)
 .debug_str     0x000f935c      0x453 ./Drivers/STM32L4xx_HAL_Driver/Src/stm32l4xx_hal_rcc.o
                              0xf3624 (size before relaxing)
 .debug_str     0x000f97af      0x5b9 /Users/samerabdulkarim/STM32CubeIDE/workspace_1.16.0/lab1/Core/Lib/libarm_cortexM4lf_math.a(arm_std_f32.o)
                                0x74c (size before relaxing)
 .debug_str     0x000f9d68       0x30 /Users/samerabdulkarim/STM32CubeIDE/workspace_1.16.0/lab1/Core/Lib/libarm_cortexM4lf_math.a(arm_mean_f32.o)
                                0x670 (size before relaxing)
 .debug_str     0x000f9d98       0xa7 /Users/samerabdulkarim/STM32CubeIDE/workspace_1.16.0/lab1/Core/Lib/libarm_cortexM4lf_math.a(arm_correlate_f32.o)
                                0x6f2 (size before relaxing)
 .debug_str     0x000f9e3f       0x35 /Users/samerabdulkarim/STM32CubeIDE/workspace_1.16.0/lab1/Core/Lib/libarm_cortexM4lf_math.a(arm_conv_f32.o)
                                0x6cf (size before relaxing)
 .debug_str     0x000f9e74       0x2e /Users/samerabdulkarim/STM32CubeIDE/workspace_1.16.0/lab1/Core/Lib/libarm_cortexM4lf_math.a(arm_sub_f32.o)
                                0x671 (size before relaxing)
 .debug_str     0x000f9ea2       0x2f /Users/samerabdulkarim/STM32CubeIDE/workspace_1.16.0/lab1/Core/Lib/libarm_cortexM4lf_math.a(arm_mult_f32.o)
                                0x673 (size before relaxing)
 .debug_str     0x000f9ed1       0x2e /Users/samerabdulkarim/STM32CubeIDE/workspace_1.16.0/lab1/Core/Lib/libarm_cortexM4lf_math.a(arm_add_f32.o)
                                0x671 (size before relaxing)

.debug_rnglists
                0x00000000      0x445
 .debug_rnglists
                0x00000000       0x7a ./Core/Src/main.o
 .debug_rnglists
                0x0000007a       0x13 ./Core/Src/stm32l4xx_hal_msp.o
 .debug_rnglists
                0x0000008d       0x43 ./Core/Src/stm32l4xx_it.o
 .debug_rnglists
                0x000000d0       0x1a ./Core/Src/system_stm32l4xx.o
 .debug_rnglists
                0x000000ea       0x19 ./Core/Startup/startup_stm32l4s5vitx.o
 .debug_rnglists
                0x00000103       0xdf ./Drivers/STM32L4xx_HAL_Driver/Src/stm32l4xx_hal.o
 .debug_rnglists
                0x000001e2       0xda ./Drivers/STM32L4xx_HAL_Driver/Src/stm32l4xx_hal_cortex.o
 .debug_rnglists
                0x000002bc      0x115 ./Drivers/STM32L4xx_HAL_Driver/Src/stm32l4xx_hal_pwr_ex.o
 .debug_rnglists
                0x000003d1       0x74 ./Drivers/STM32L4xx_HAL_Driver/Src/stm32l4xx_hal_rcc.o

.debug_macro    0x00000000    0x28ce0
 .debug_macro   0x00000000      0x302 ./Core/Src/main.o
 .debug_macro   0x00000302      0xab4 ./Core/Src/main.o
 .debug_macro   0x00000db6      0x19b ./Core/Src/main.o
 .debug_macro   0x00000f51       0x2e ./Core/Src/main.o
 .debug_macro   0x00000f7f       0x28 ./Core/Src/main.o
 .debug_macro   0x00000fa7       0x22 ./Core/Src/main.o
 .debug_macro   0x00000fc9       0x8e ./Core/Src/main.o
 .debug_macro   0x00001057       0x51 ./Core/Src/main.o
 .debug_macro   0x000010a8      0x103 ./Core/Src/main.o
 .debug_macro   0x000011ab       0x6a ./Core/Src/main.o
 .debug_macro   0x00001215      0x1df ./Core/Src/main.o
 .debug_macro   0x000013f4       0x1c ./Core/Src/main.o
 .debug_macro   0x00001410       0x22 ./Core/Src/main.o
 .debug_macro   0x00001432       0xfb ./Core/Src/main.o
 .debug_macro   0x0000152d     0x1011 ./Core/Src/main.o
 .debug_macro   0x0000253e      0x11f ./Core/Src/main.o
 .debug_macro   0x0000265d    0x1d292 ./Core/Src/main.o
 .debug_macro   0x0001f8ef       0x6d ./Core/Src/main.o
 .debug_macro   0x0001f95c     0x3902 ./Core/Src/main.o
 .debug_macro   0x0002325e      0x189 ./Core/Src/main.o
 .debug_macro   0x000233e7       0x5c ./Core/Src/main.o
 .debug_macro   0x00023443     0x1910 ./Core/Src/main.o
 .debug_macro   0x00024d53      0x7dc ./Core/Src/main.o
 .debug_macro   0x0002552f      0x1b9 ./Core/Src/main.o
 .debug_macro   0x000256e8      0x225 ./Core/Src/main.o
 .debug_macro   0x0002590d      0x486 ./Core/Src/main.o
 .debug_macro   0x00025d93      0x1ce ./Core/Src/main.o
 .debug_macro   0x00025f61       0x43 ./Core/Src/main.o
 .debug_macro   0x00025fa4      0x23d ./Core/Src/main.o
 .debug_macro   0x000261e1      0x241 ./Core/Src/main.o
 .debug_macro   0x00026422      0x416 ./Core/Src/main.o
 .debug_macro   0x00026838       0x1c ./Core/Src/main.o
 .debug_macro   0x00026854       0xf2 ./Core/Src/main.o
 .debug_macro   0x00026946      0x122 ./Core/Src/main.o
 .debug_macro   0x00026a68      0x3f6 ./Core/Src/main.o
 .debug_macro   0x00026e5e      0x432 ./Core/Src/main.o
 .debug_macro   0x00027290       0x61 ./Core/Src/main.o
 .debug_macro   0x000272f1       0x2a ./Core/Src/main.o
 .debug_macro   0x0002731b       0x43 ./Core/Src/main.o
 .debug_macro   0x0002735e       0x34 ./Core/Src/main.o
 .debug_macro   0x00027392       0x16 ./Core/Src/main.o
 .debug_macro   0x000273a8       0x43 ./Core/Src/main.o
 .debug_macro   0x000273eb       0x34 ./Core/Src/main.o
 .debug_macro   0x0002741f       0x10 ./Core/Src/main.o
 .debug_macro   0x0002742f       0x58 ./Core/Src/main.o
 .debug_macro   0x00027487       0x8e ./Core/Src/main.o
 .debug_macro   0x00027515       0x1c ./Core/Src/main.o
 .debug_macro   0x00027531      0x177 ./Core/Src/main.o
 .debug_macro   0x000276a8      0x369 ./Core/Src/main.o
 .debug_macro   0x00027a11       0x10 ./Core/Src/main.o
 .debug_macro   0x00027a21       0x35 ./Core/Src/main.o
 .debug_macro   0x00027a56       0x20 ./Core/Src/main.o
 .debug_macro   0x00027a76      0x19b ./Core/Src/main.o
 .debug_macro   0x00027c11      0x201 ./Core/Src/main.o
 .debug_macro   0x00027e12       0xc8 ./Core/Src/main.o
 .debug_macro   0x00027eda       0x1c ./Core/Src/main.o
 .debug_macro   0x00027ef6       0x10 ./Core/Src/main.o
 .debug_macro   0x00027f06       0x1c ./Core/Src/main.o
 .debug_macro   0x00027f22       0x16 ./Core/Src/main.o
 .debug_macro   0x00027f38      0x146 ./Core/Src/main.o
 .debug_macro   0x0002807e      0x1b0 ./Core/Src/stm32l4xx_hal_msp.o
 .debug_macro   0x0002822e      0x1ba ./Core/Src/stm32l4xx_it.o
 .debug_macro   0x000283e8      0x1a6 ./Core/Src/system_stm32l4xx.o
 .debug_macro   0x0002858e      0x1f4 ./Drivers/STM32L4xx_HAL_Driver/Src/stm32l4xx_hal.o
 .debug_macro   0x00028782      0x1a6 ./Drivers/STM32L4xx_HAL_Driver/Src/stm32l4xx_hal_cortex.o
 .debug_macro   0x00028928      0x1d0 ./Drivers/STM32L4xx_HAL_Driver/Src/stm32l4xx_hal_pwr_ex.o
 .debug_macro   0x00028af8      0x1e8 ./Drivers/STM32L4xx_HAL_Driver/Src/stm32l4xx_hal_rcc.o

.comment        0x00000000       0xb8
 .comment       0x00000000       0x43 ./Core/Src/main.o
                                 0x44 (size before relaxing)
 .comment       0x00000043       0x44 ./Core/Src/stm32l4xx_hal_msp.o
 .comment       0x00000043       0x44 ./Core/Src/stm32l4xx_it.o
 .comment       0x00000043       0x44 ./Core/Src/system_stm32l4xx.o
 .comment       0x00000043       0x44 ./Drivers/STM32L4xx_HAL_Driver/Src/stm32l4xx_hal.o
 .comment       0x00000043       0x44 ./Drivers/STM32L4xx_HAL_Driver/Src/stm32l4xx_hal_cortex.o
 .comment       0x00000043       0x44 ./Drivers/STM32L4xx_HAL_Driver/Src/stm32l4xx_hal_pwr_ex.o
 .comment       0x00000043       0x44 ./Drivers/STM32L4xx_HAL_Driver/Src/stm32l4xx_hal_rcc.o
 .comment       0x00000043       0x75 /Users/samerabdulkarim/STM32CubeIDE/workspace_1.16.0/lab1/Core/Lib/libarm_cortexM4lf_math.a(arm_std_f32.o)
                                 0x76 (size before relaxing)
 .comment       0x000000b8       0x76 /Users/samerabdulkarim/STM32CubeIDE/workspace_1.16.0/lab1/Core/Lib/libarm_cortexM4lf_math.a(arm_mean_f32.o)
 .comment       0x000000b8       0x76 /Users/samerabdulkarim/STM32CubeIDE/workspace_1.16.0/lab1/Core/Lib/libarm_cortexM4lf_math.a(arm_correlate_f32.o)
 .comment       0x000000b8       0x76 /Users/samerabdulkarim/STM32CubeIDE/workspace_1.16.0/lab1/Core/Lib/libarm_cortexM4lf_math.a(arm_conv_f32.o)
 .comment       0x000000b8       0x76 /Users/samerabdulkarim/STM32CubeIDE/workspace_1.16.0/lab1/Core/Lib/libarm_cortexM4lf_math.a(arm_sub_f32.o)
 .comment       0x000000b8       0x76 /Users/samerabdulkarim/STM32CubeIDE/workspace_1.16.0/lab1/Core/Lib/libarm_cortexM4lf_math.a(arm_mult_f32.o)
 .comment       0x000000b8       0x76 /Users/samerabdulkarim/STM32CubeIDE/workspace_1.16.0/lab1/Core/Lib/libarm_cortexM4lf_math.a(arm_add_f32.o)

.debug_frame    0x00000000     0x1c0c
 .debug_frame   0x00000000      0x298 ./Core/Src/main.o
 .debug_frame   0x00000298       0x38 ./Core/Src/stm32l4xx_hal_msp.o
 .debug_frame   0x000002d0      0x104 ./Core/Src/stm32l4xx_it.o
 .debug_frame   0x000003d4       0x58 ./Core/Src/system_stm32l4xx.o
 .debug_frame   0x0000042c      0x498 ./Drivers/STM32L4xx_HAL_Driver/Src/stm32l4xx_hal.o
 .debug_frame   0x000008c4      0x4e8 ./Drivers/STM32L4xx_HAL_Driver/Src/stm32l4xx_hal_cortex.o
 .debug_frame   0x00000dac      0x5c4 ./Drivers/STM32L4xx_HAL_Driver/Src/stm32l4xx_hal_pwr_ex.o
 .debug_frame   0x00001370      0x248 ./Drivers/STM32L4xx_HAL_Driver/Src/stm32l4xx_hal_rcc.o
 .debug_frame   0x000015b8       0x64 /Users/samerabdulkarim/STM32CubeIDE/workspace_1.16.0/lab1/Core/Lib/libarm_cortexM4lf_math.a(arm_std_f32.o)
 .debug_frame   0x0000161c       0x2c /Users/samerabdulkarim/STM32CubeIDE/workspace_1.16.0/lab1/Core/Lib/libarm_cortexM4lf_math.a(arm_mean_f32.o)
 .debug_frame   0x00001648       0x40 /Users/samerabdulkarim/STM32CubeIDE/workspace_1.16.0/lab1/Core/Lib/libarm_cortexM4lf_math.a(arm_correlate_f32.o)
 .debug_frame   0x00001688       0x40 /Users/samerabdulkarim/STM32CubeIDE/workspace_1.16.0/lab1/Core/Lib/libarm_cortexM4lf_math.a(arm_conv_f32.o)
 .debug_frame   0x000016c8       0x34 /Users/samerabdulkarim/STM32CubeIDE/workspace_1.16.0/lab1/Core/Lib/libarm_cortexM4lf_math.a(arm_sub_f32.o)
 .debug_frame   0x000016fc       0x34 /Users/samerabdulkarim/STM32CubeIDE/workspace_1.16.0/lab1/Core/Lib/libarm_cortexM4lf_math.a(arm_mult_f32.o)
 .debug_frame   0x00001730       0x34 /Users/samerabdulkarim/STM32CubeIDE/workspace_1.16.0/lab1/Core/Lib/libarm_cortexM4lf_math.a(arm_add_f32.o)
 .debug_frame   0x00001764      0x144 /Applications/STM32CubeIDE.app/Contents/Eclipse/plugins/com.st.stm32cube.ide.mcu.externaltools.gnu-tools-for-stm32.12.3.rel1.macos64_1.0.200.202406191456/tools/bin/../lib/gcc/arm-none-eabi/12.3.1/../../../../arm-none-eabi/lib/thumb/v7e-m+fp/hard/libc_nano.a(libc_a-findfp.o)
 .debug_frame   0x000018a8       0x20 /Applications/STM32CubeIDE.app/Contents/Eclipse/plugins/com.st.stm32cube.ide.mcu.externaltools.gnu-tools-for-stm32.12.3.rel1.macos64_1.0.200.202406191456/tools/bin/../lib/gcc/arm-none-eabi/12.3.1/../../../../arm-none-eabi/lib/thumb/v7e-m+fp/hard/libc_nano.a(libc_a-memset.o)
 .debug_frame   0x000018c8       0x20 /Applications/STM32CubeIDE.app/Contents/Eclipse/plugins/com.st.stm32cube.ide.mcu.externaltools.gnu-tools-for-stm32.12.3.rel1.macos64_1.0.200.202406191456/tools/bin/../lib/gcc/arm-none-eabi/12.3.1/../../../../arm-none-eabi/lib/thumb/v7e-m+fp/hard/libc_nano.a(libc_a-errno.o)
 .debug_frame   0x000018e8       0x2c /Applications/STM32CubeIDE.app/Contents/Eclipse/plugins/com.st.stm32cube.ide.mcu.externaltools.gnu-tools-for-stm32.12.3.rel1.macos64_1.0.200.202406191456/tools/bin/../lib/gcc/arm-none-eabi/12.3.1/../../../../arm-none-eabi/lib/thumb/v7e-m+fp/hard/libc_nano.a(libc_a-init.o)
 .debug_frame   0x00001914       0x28 /Applications/STM32CubeIDE.app/Contents/Eclipse/plugins/com.st.stm32cube.ide.mcu.externaltools.gnu-tools-for-stm32.12.3.rel1.macos64_1.0.200.202406191456/tools/bin/../lib/gcc/arm-none-eabi/12.3.1/../../../../arm-none-eabi/lib/thumb/v7e-m+fp/hard/libc_nano.a(libc_a-memcpy-stub.o)
 .debug_frame   0x0000193c       0x38 /Applications/STM32CubeIDE.app/Contents/Eclipse/plugins/com.st.stm32cube.ide.mcu.externaltools.gnu-tools-for-stm32.12.3.rel1.macos64_1.0.200.202406191456/tools/bin/../lib/gcc/arm-none-eabi/12.3.1/../../../../arm-none-eabi/lib/thumb/v7e-m+fp/hard/libm.a(libm_a-wf_sqrt.o)
 .debug_frame   0x00001974       0x3c /Applications/STM32CubeIDE.app/Contents/Eclipse/plugins/com.st.stm32cube.ide.mcu.externaltools.gnu-tools-for-stm32.12.3.rel1.macos64_1.0.200.202406191456/tools/bin/../lib/gcc/arm-none-eabi/12.3.1/../../../../arm-none-eabi/lib/thumb/v7e-m+fp/hard/libm.a(libm_a-w_sqrt.o)
 .debug_frame   0x000019b0       0x38 /Applications/STM32CubeIDE.app/Contents/Eclipse/plugins/com.st.stm32cube.ide.mcu.externaltools.gnu-tools-for-stm32.12.3.rel1.macos64_1.0.200.202406191456/tools/bin/../lib/gcc/arm-none-eabi/12.3.1/../../../../arm-none-eabi/lib/thumb/v7e-m+fp/hard/libm.a(libm_a-e_sqrt.o)
 .debug_frame   0x000019e8       0x20 /Applications/STM32CubeIDE.app/Contents/Eclipse/plugins/com.st.stm32cube.ide.mcu.externaltools.gnu-tools-for-stm32.12.3.rel1.macos64_1.0.200.202406191456/tools/bin/../lib/gcc/arm-none-eabi/12.3.1/../../../../arm-none-eabi/lib/thumb/v7e-m+fp/hard/libm.a(libm_a-ef_sqrt.o)
 .debug_frame   0x00001a08       0xac /Applications/STM32CubeIDE.app/Contents/Eclipse/plugins/com.st.stm32cube.ide.mcu.externaltools.gnu-tools-for-stm32.12.3.rel1.macos64_1.0.200.202406191456/tools/bin/../lib/gcc/arm-none-eabi/12.3.1/thumb/v7e-m+fp/hard/libgcc.a(_arm_addsubdf3.o)
 .debug_frame   0x00001ab4       0x50 /Applications/STM32CubeIDE.app/Contents/Eclipse/plugins/com.st.stm32cube.ide.mcu.externaltools.gnu-tools-for-stm32.12.3.rel1.macos64_1.0.200.202406191456/tools/bin/../lib/gcc/arm-none-eabi/12.3.1/thumb/v7e-m+fp/hard/libgcc.a(_arm_muldivdf3.o)
 .debug_frame   0x00001b04       0xc4 /Applications/STM32CubeIDE.app/Contents/Eclipse/plugins/com.st.stm32cube.ide.mcu.externaltools.gnu-tools-for-stm32.12.3.rel1.macos64_1.0.200.202406191456/tools/bin/../lib/gcc/arm-none-eabi/12.3.1/thumb/v7e-m+fp/hard/libgcc.a(_arm_cmpdf2.o)
 .debug_frame   0x00001bc8       0x20 /Applications/STM32CubeIDE.app/Contents/Eclipse/plugins/com.st.stm32cube.ide.mcu.externaltools.gnu-tools-for-stm32.12.3.rel1.macos64_1.0.200.202406191456/tools/bin/../lib/gcc/arm-none-eabi/12.3.1/thumb/v7e-m+fp/hard/libgcc.a(_arm_unorddf2.o)
 .debug_frame   0x00001be8       0x24 /Applications/STM32CubeIDE.app/Contents/Eclipse/plugins/com.st.stm32cube.ide.mcu.externaltools.gnu-tools-for-stm32.12.3.rel1.macos64_1.0.200.202406191456/tools/bin/../lib/gcc/arm-none-eabi/12.3.1/thumb/v7e-m+fp/hard/libgcc.a(_arm_truncdfsf2.o)

.debug_loc      0x00000000     0x341f
 .debug_loc     0x00000000      0x5c9 /Users/samerabdulkarim/STM32CubeIDE/workspace_1.16.0/lab1/Core/Lib/libarm_cortexM4lf_math.a(arm_std_f32.o)
 .debug_loc     0x000005c9      0x177 /Users/samerabdulkarim/STM32CubeIDE/workspace_1.16.0/lab1/Core/Lib/libarm_cortexM4lf_math.a(arm_mean_f32.o)
 .debug_loc     0x00000740     0x133d /Users/samerabdulkarim/STM32CubeIDE/workspace_1.16.0/lab1/Core/Lib/libarm_cortexM4lf_math.a(arm_correlate_f32.o)
 .debug_loc     0x00001a7d     0x1363 /Users/samerabdulkarim/STM32CubeIDE/workspace_1.16.0/lab1/Core/Lib/libarm_cortexM4lf_math.a(arm_conv_f32.o)
 .debug_loc     0x00002de0      0x215 /Users/samerabdulkarim/STM32CubeIDE/workspace_1.16.0/lab1/Core/Lib/libarm_cortexM4lf_math.a(arm_sub_f32.o)
 .debug_loc     0x00002ff5      0x215 /Users/samerabdulkarim/STM32CubeIDE/workspace_1.16.0/lab1/Core/Lib/libarm_cortexM4lf_math.a(arm_mult_f32.o)
 .debug_loc     0x0000320a      0x215 /Users/samerabdulkarim/STM32CubeIDE/workspace_1.16.0/lab1/Core/Lib/libarm_cortexM4lf_math.a(arm_add_f32.o)

.debug_ranges   0x00000000       0x88
 .debug_ranges  0x00000000       0x28 /Users/samerabdulkarim/STM32CubeIDE/workspace_1.16.0/lab1/Core/Lib/libarm_cortexM4lf_math.a(arm_std_f32.o)
 .debug_ranges  0x00000028       0x10 /Users/samerabdulkarim/STM32CubeIDE/workspace_1.16.0/lab1/Core/Lib/libarm_cortexM4lf_math.a(arm_mean_f32.o)
 .debug_ranges  0x00000038       0x10 /Users/samerabdulkarim/STM32CubeIDE/workspace_1.16.0/lab1/Core/Lib/libarm_cortexM4lf_math.a(arm_correlate_f32.o)
 .debug_ranges  0x00000048       0x10 /Users/samerabdulkarim/STM32CubeIDE/workspace_1.16.0/lab1/Core/Lib/libarm_cortexM4lf_math.a(arm_conv_f32.o)
 .debug_ranges  0x00000058       0x10 /Users/samerabdulkarim/STM32CubeIDE/workspace_1.16.0/lab1/Core/Lib/libarm_cortexM4lf_math.a(arm_sub_f32.o)
 .debug_ranges  0x00000068       0x10 /Users/samerabdulkarim/STM32CubeIDE/workspace_1.16.0/lab1/Core/Lib/libarm_cortexM4lf_math.a(arm_mult_f32.o)
 .debug_ranges  0x00000078       0x10 /Users/samerabdulkarim/STM32CubeIDE/workspace_1.16.0/lab1/Core/Lib/libarm_cortexM4lf_math.a(arm_add_f32.o)
